<html>
<body>
<pre>
<h1>µVision Build Log</h1>
<h2>Project:</h2>
D:\ARM_projektek\04_Dashboard\project.uvproj
Project File Date:  07/01/2014

<h2>Output:</h2>
Build target 'Dashboard_2'
compiling stm32f4xx_periph.c...
linking...
Program Size: Code=8420 RO-data=600 RW-data=92 ZI-data=3452  
".\project.axf" - 0 Error(s), 0 Warning(s).
Load "D:\\ARM_projektek\\04_Dashboard\\project.axf" 
Erase Done.
Programming Done.
Verify OK.
</pre>
</body>
</html>
ify OK.
 set but never used
  static uint32_t EXTI1_counter, EXTI2_counter, EXTI1_clock, EXTI2_clock;
src\stm32f4xx_it.c(25): warning:  #550-D: variable "EXTI1_clock" was set but never used
  static uint32_t EXTI1_counter, EXTI2_counter, EXTI1_clock, EXTI2_clock;
src\stm32f4xx_it.c(25): warning:  #550-D: variable "EXTI2_clock" was set but never used
  static uint32_t EXTI1_counter, EXTI2_counter, EXTI1_clock, EXTI2_clock;
src\stm32f4xx_it.c: 4 warnings, 0 errors
linking...
Program Size: Code=8352 RO-data=600 RW-data=100 ZI-data=3452  
".\project.axf" - 0 Error(s), 4 Warning(s).
