<html>
<body>
<pre>
<h1>µVision Build Log</h1>
<h2>Project:</h2>
D:\ARM_projektek\04_Dashboard\project.uvproj
Project File Date:  07/01/2014

<h2>Output:</h2>
Rebuild target 'Dashboard_2'
compiling system_stm32f4xx.c...
compiling main.c...
assembling startup_stm32f4xx.s...
compiling Nmea.c...
src\Nmea.c(7): warning:  #550-D: variable "chk_ok" was set but never used
  static uint16_t chk_ok;
src\Nmea.c: 1 warning, 0 errors
compiling stm32f4xx_it.c...
compiling stm32f4xx_periph.c...
compiling stm32f4xx_rcc.c...
compiling misc_funct.c...
compiling stm32f4xx_init_rcc.c...
compiling stm32f4xx_usart.c...
linking...
Program Size: Code=3884 RO-data=424 RW-data=76 ZI-data=3452  
".\project.axf" - 0 Error(s), 1 Warning(s).
Clean started: Project: 'project'
   deleting intermediate output files for target 'Dashboard_2'
</pre>
</body>
</html>
218E: Undefined symbol USART_SendData (referred from stm32f4xx_periph.o).
Not enough information to list image symbols.
Finished: 1 information, 0 warning and 4 error messages.
".\project.axf" - 4 Error(s), 1 Warning(s).
Target not created
